---
source: tests/test_parser.rs
expression: "parser_output(&format!(\"tests/data/parser{}.plsr\",\n                8)).expect(\"failed to parse input\")"
---
func unit() -> (unit: Unit) {}
func int() -> (int: Int64) {}
func array() -> (array: Int64[{ x | x = 64 }]) {}
func array(input: MyCustomType1) -> (custom: MyCustomType2) {}
