---
source: tests/test_parser.rs
expression: "parser_output(&format!(\"tests/data/parser{}.plsr\",\n                7)).expect(\"failed to parse input\")"
---
func param1(a: Int64) -> () {}
func param2(b: Int64) -> () {}
func param3(a: Int64, b: Int64) -> () {}
func param4(a: Int64, b: Int64) -> () {}
func param5(a: Int64, b: [Int64; 64], my_param40: [[Int64; 40]; 40]) -> () {}
