---
source: tests/test_typeinferer.rs
expression: "typeinferer_output(\"tests/data/infer12.plsr\", error_manager.clone())"
---
pure func square(value: Int64) -> Int64 {
    return (value: Int64 * value: Int64): Int64
}
func sum_squares(input: Int64[4]) -> Int64 {
    let squares = map<1>(square, input: Int64[4]): Int64[4]
    return 0: Int64
}
