---
source: tests/test_lexer.rs
expression: "lexer_output(&format!(\"tests/data/lexer{}.plsr\", 1), error_manager)"
---
(func, ty = func, loc = tests/data/lexer1.plsr:1:1)
(main, ty = identifier, loc = tests/data/lexer1.plsr:1:6)
((, ty = left-par, loc = tests/data/lexer1.plsr:1:10)
(), ty = right-par, loc = tests/data/lexer1.plsr:1:11)
({, ty = left-brace, loc = tests/data/lexer1.plsr:1:13)
(\n, ty = newline, loc = tests/data/lexer1.plsr:1:14)
(this, ty = identifier, loc = tests/data/lexer1.plsr:2:5)
(is, ty = identifier, loc = tests/data/lexer1.plsr:2:10)
(a, ty = identifier, loc = tests/data/lexer1.plsr:2:13)
(test, ty = identifier, loc = tests/data/lexer1.plsr:2:15)
(\n, ty = newline, loc = tests/data/lexer1.plsr:2:19)
(}, ty = right-brace, loc = tests/data/lexer1.plsr:3:1)
(\n, ty = newline, loc = tests/data/lexer1.plsr:3:2)
