---
source: tests/test_parser.rs
expression: "parser_output(&format!(\"tests/data/parser{}.plsr\",\n                3)).expect(\"failed to parse input\")"
---
func main() -> () {
    let add1 = 1
    let add2 = (1 + 2)
    let add3 = ((1 + 2) + 3)
    let sub1 = 1
    let sub2 = (1 - 2)
    let sub3 = ((1 - 2) - 3)
    let mul2 = (1 * 2)
    let mul3 = ((1 * 2) * 3)
}
